Device: cuda
Path B: Latent Regression, 20 epochs
Regressor: mlp, hidden=512
Data:   data/ortho
OrthoDataset [train]: 3,738 tiles, 478,464 samples/epoch, ~15cm/px, scales=[18, 20, 22]
OrthoDataset [val]: 416 tiles, 1,664 samples/epoch, ~15cm/px, scales=[18, 20, 22]
Train: 478,464 samples, 3738 batches
Val:   1,664 samples, 13 batches
  JEPA weights from models/checkpoints/jepa_best.pt
/home/ubuntu/urbanjepa-venv/lib/python3.12/site-packages/huggingface_hub/utils/_validators.py:205: UserWarning: The `local_dir_use_symlinks` argument is deprecated and ignored in `hf_hub_download`. Downloading to a local directory does not use symlinks anymore.
  warnings.warn(
Warning: You are sending unauthenticated requests to the HF Hub. Please set a HF_TOKEN to enable higher rate limits and faster downloads.
  VAE loaded (83,653,863 params)
  Loading fine-tuned VAE decoder from models/checkpoints/vae_decoder_best.pt
  VAE decoder fine-tuned weights loaded
Trainable: 666,128 params (regressor only)
TensorBoard: runs/regress_mlp_May15_1553
Batch: 128 | Steps/epoch: 3738
  E  0 S  50/3738 loss=0.3322 avg=0.3921 lr=1.0e-03 ETA 229m6s
  E  0 S 100/3738 loss=0.3324 avg=0.3631 lr=1.0e-03 ETA 212m6s
  E  0 S 150/3738 loss=0.3281 avg=0.3525 lr=1.0e-03 ETA 203m30s
  E  0 S 200/3738 loss=0.3138 avg=0.3475 lr=1.0e-03 ETA 203m38s
  E  0 S 250/3738 loss=0.3214 avg=0.3443 lr=1.0e-03 ETA 197m5s
  E  0 S 300/3738 loss=0.3396 avg=0.3423 lr=1.0e-03 ETA 193m32s
  E  0 S 350/3738 loss=0.3306 avg=0.3404 lr=1.0e-03 ETA 189m51s
  E  0 S 400/3738 loss=0.3298 avg=0.3393 lr=1.0e-03 ETA 188m38s
  E  0 S 450/3738 loss=0.3327 avg=0.3383 lr=1.0e-03 ETA 184m19s
  E  0 S 500/3738 loss=0.3232 avg=0.3375 lr=1.0e-03 ETA 181m0s
