Device: cuda
OrthoDataset [train]: 3,738 tiles, 14,952 samples/epoch, ~15cm/px, scales=[18, 20, 22]
OrthoDataset [val]: 416 tiles, 1,664 samples/epoch, ~15cm/px, scales=[18, 20, 22]
Train: 14,952 samples, 1869 batches
Val:   1,664 samples, 208 batches
Loading SD-VAE...
/home/ubuntu/urbanjepa-venv/lib/python3.12/site-packages/huggingface_hub/utils/_validators.py:205: UserWarning: The `local_dir_use_symlinks` argument is deprecated and ignored in `hf_hub_download`. Downloading to a local directory does not use symlinks anymore.
  warnings.warn(
VAE encoder: 34,163,592 params (frozen)
VAE decoder: 49,490,179 params (trainable)
VGG perceptual loss ready (relu1_2, relu2_2, relu3_3)
Batch: 8 x 4 accum = 32 effective
Steps/epoch: 467
TensorBoard: runs/vae_finetune_May15_0413
  E  0 S  50/1869 L1=0.02786 percep=0.44989 avg L1=0.02457 percep=0.39695 ETA 24m10s
  E  0 S 100/1869 L1=0.02002 percep=0.36465 avg L1=0.02399 percep=0.39099 ETA 23m50s
  E  0 S 150/1869 L1=0.02412 percep=0.41911 avg L1=0.02382 percep=0.39326 ETA 22m1s
  E  0 S 200/1869 L1=0.02827 percep=0.43829 avg L1=0.02379 percep=0.39205 ETA 21m18s
  E  0 S 250/1869 L1=0.02708 percep=0.44509 avg L1=0.02356 percep=0.38977 ETA 21m38s
  E  0 S 300/1869 L1=0.02590 percep=0.41615 avg L1=0.02330 percep=0.38676 ETA 20m59s
  E  0 S 350/1869 L1=0.02025 percep=0.37277 avg L1=0.02308 percep=0.38425 ETA 19m21s
  E  0 S 400/1869 L1=0.01740 percep=0.29170 avg L1=0.02300 percep=0.38316 ETA 19m42s
  E  0 S 450/1869 L1=0.02448 percep=0.41179 avg L1=0.02292 percep=0.38267 ETA 18m4s
  E  0 S 500/1869 L1=0.02400 percep=0.39269 avg L1=0.02297 percep=0.38333 ETA 17m25s
  E  0 S 550/1869 L1=0.01498 percep=0.28142 avg L1=0.02290 percep=0.38278 ETA 17m47s
  E  0 S 600/1869 L1=0.02126 percep=0.38324 avg L1=0.02288 percep=0.38241 ETA 16m9s
  E  0 S 650/1869 L1=0.02112 percep=0.35289 avg L1=0.02286 percep=0.38200 ETA 16m30s
  E  0 S 700/1869 L1=0.02339 percep=0.37347 avg L1=0.02281 percep=0.38087 ETA 15m52s
  E  0 S 750/1869 L1=0.02303 percep=0.39488 avg L1=0.02279 percep=0.38067 ETA 14m14s
  E  0 S 800/1869 L1=0.02490 percep=0.41627 avg L1=0.02278 percep=0.38057 ETA 14m35s
  E  0 S 850/1869 L1=0.01870 percep=0.33280 avg L1=0.02280 percep=0.38070 ETA 13m57s
  E  0 S 900/1869 L1=0.02059 percep=0.30568 avg L1=0.02280 percep=0.38048 ETA 12m19s
  E  0 S 950/1869 L1=0.02513 percep=0.41635 avg L1=0.02282 percep=0.38086 ETA 12m41s
  E  0 S1000/1869 L1=0.01982 percep=0.32535 avg L1=0.02282 percep=0.38079 ETA 11m3s
  E  0 S1050/1869 L1=0.02271 percep=0.33989 avg L1=0.02281 percep=0.38067 ETA 10m24s
  E  0 S1100/1869 L1=0.01979 percep=0.37305 avg L1=0.02278 percep=0.38036 ETA 10m46s
  E  0 S1150/1869 L1=0.02366 percep=0.40711 avg L1=0.02277 percep=0.38005 ETA 9m8s
  E  0 S1200/1869 L1=0.02388 percep=0.41242 avg L1=0.02277 percep=0.38002 ETA 8m30s
  E  0 S1250/1869 L1=0.02180 percep=0.36048 avg L1=0.02274 percep=0.37963 ETA 8m52s
  E  0 S1300/1869 L1=0.02519 percep=0.39524 avg L1=0.02274 percep=0.37955 ETA 7m13s
  E  0 S1350/1869 L1=0.02124 percep=0.37562 avg L1=0.02270 percep=0.37915 ETA 7m35s
  E  0 S1400/1869 L1=0.01849 percep=0.33469 avg L1=0.02272 percep=0.37956 ETA 6m57s
  E  0 S1450/1869 L1=0.01623 percep=0.30652 avg L1=0.02268 percep=0.37906 ETA 5m19s
  E  0 S1500/1869 L1=0.02388 percep=0.39721 avg L1=0.02267 percep=0.37888 ETA 5m41s
  E  0 S1550/1869 L1=0.02141 percep=0.37927 avg L1=0.02266 percep=0.37868 ETA 4m3s
  E  0 S1600/1869 L1=0.02425 percep=0.40281 avg L1=0.02268 percep=0.37907 ETA 3m25s
  E  0 S1650/1869 L1=0.03092 percep=0.47797 avg L1=0.02269 percep=0.37933 ETA 3m46s
  E  0 S1700/1869 L1=0.02187 percep=0.37804 avg L1=0.02269 percep=0.37934 ETA 2m8s
  E  0 S1750/1869 L1=0.02304 percep=0.38149 avg L1=0.02267 percep=0.37913 ETA 2m30s
  E  0 S1800/1869 L1=0.02036 percep=0.37218 avg L1=0.02267 percep=0.37903 ETA 1m52s
  E  0 S1850/1869 L1=0.02130 percep=0.37300 avg L1=0.02266 percep=0.37901 ETA 0m14s
--- Epoch   0 | train L1=0.02266 percep=0.37898 | val L1=0.02214 percep=0.37369 total=0.05951 | PSNR=28.63dB | T=24m46s V=2m33s ---
  Saved: models/checkpoints/vae_decoder_best.pt
  E  1 S  50/1869 L1=0.02969 percep=0.44657 avg L1=0.02282 percep=0.38162 ETA 24m16s
  E  1 S 100/1869 L1=0.02042 percep=0.35862 avg L1=0.02295 percep=0.38324 ETA 23m4s
  E  1 S 150/1869 L1=0.02655 percep=0.39573 avg L1=0.02297 percep=0.38332 ETA 22m15s
  E  1 S 200/1869 L1=0.02330 percep=0.40191 avg L1=0.02262 percep=0.37935 ETA 22m31s
  E  1 S 250/1869 L1=0.02340 percep=0.40641 avg L1=0.02239 percep=0.37595 ETA 21m49s
  E  1 S 300/1869 L1=0.02196 percep=0.37415 avg L1=0.02238 percep=0.37565 ETA 20m8s
  E  1 S 350/1869 L1=0.02368 percep=0.39455 avg L1=0.02251 percep=0.37679 ETA 19m28s
  E  1 S 400/1869 L1=0.02573 percep=0.40659 avg L1=0.02245 percep=0.37584 ETA 19m48s
  E  1 S 450/1869 L1=0.02346 percep=0.37684 avg L1=0.02248 percep=0.37627 ETA 18m9s
  E  1 S 500/1869 L1=0.02318 percep=0.38413 avg L1=0.02243 percep=0.37556 ETA 17m30s
  E  1 S 550/1869 L1=0.02165 percep=0.36983 avg L1=0.02246 percep=0.37628 ETA 17m51s
  E  1 S 600/1869 L1=0.02932 percep=0.44390 avg L1=0.02246 percep=0.37646 ETA 16m12s
  E  1 S 650/1869 L1=0.02172 percep=0.35087 avg L1=0.02249 percep=0.37695 ETA 16m33s
  E  1 S 700/1869 L1=0.03113 percep=0.45658 avg L1=0.02245 percep=0.37674 ETA 15m55s
  E  1 S 750/1869 L1=0.02415 percep=0.40026 avg L1=0.02248 percep=0.37743 ETA 14m16s
  E  1 S 800/1869 L1=0.02072 percep=0.30922 avg L1=0.02245 percep=0.37693 ETA 14m38s
  E  1 S 850/1869 L1=0.02144 percep=0.37803 avg L1=0.02244 percep=0.37692 ETA 13m59s
  E  1 S 900/1869 L1=0.01708 percep=0.31173 avg L1=0.02247 percep=0.37709 ETA 12m21s
  E  1 S 950/1869 L1=0.02043 percep=0.36631 avg L1=0.02248 percep=0.37728 ETA 12m42s
  E  1 S1000/1869 L1=0.02024 percep=0.36282 avg L1=0.02249 percep=0.37741 ETA 11m4s
  E  1 S1050/1869 L1=0.02160 percep=0.38257 avg L1=0.02245 percep=0.37688 ETA 10m26s
  E  1 S1100/1869 L1=0.02004 percep=0.32595 avg L1=0.02245 percep=0.37690 ETA 10m47s
  E  1 S1150/1869 L1=0.02160 percep=0.36616 avg L1=0.02247 percep=0.37698 ETA 9m9s
  E  1 S1200/1869 L1=0.02478 percep=0.38456 avg L1=0.02245 percep=0.37663 ETA 9m31s
  E  1 S1250/1869 L1=0.02380 percep=0.38250 avg L1=0.02248 percep=0.37693 ETA 8m53s
  E  1 S1300/1869 L1=0.02282 percep=0.38864 avg L1=0.02244 percep=0.37659 ETA 7m14s
  E  1 S1350/1869 L1=0.02050 percep=0.34343 avg L1=0.02244 percep=0.37654 ETA 7m36s
  E  1 S1400/1869 L1=0.02130 percep=0.37759 avg L1=0.02244 percep=0.37669 ETA 6m58s
  E  1 S1450/1869 L1=0.01921 percep=0.32756 avg L1=0.02243 percep=0.37644 ETA 5m20s
  E  1 S1500/1869 L1=0.02213 percep=0.36862 avg L1=0.02244 percep=0.37657 ETA 5m41s
  E  1 S1550/1869 L1=0.02448 percep=0.39944 avg L1=0.02245 percep=0.37672 ETA 4m3s
  E  1 S1600/1869 L1=0.02040 percep=0.36214 avg L1=0.02245 percep=0.37671 ETA 3m25s
  E  1 S1650/1869 L1=0.02115 percep=0.38706 avg L1=0.02246 percep=0.37667 ETA 3m47s
  E  1 S1700/1869 L1=0.02230 percep=0.38351 avg L1=0.02247 percep=0.37681 ETA 2m8s
  E  1 S1750/1869 L1=0.02597 percep=0.42900 avg L1=0.02248 percep=0.37689 ETA 2m30s
  E  1 S1800/1869 L1=0.02051 percep=0.32973 avg L1=0.02247 percep=0.37665 ETA 1m52s
  E  1 S1850/1869 L1=0.02158 percep=0.34301 avg L1=0.02247 percep=0.37664 ETA 0m14s
--- Epoch   1 | train L1=0.02246 percep=0.37654 | val L1=0.02199 percep=0.37194 total=0.05919 | PSNR=28.69dB | T=24m49s V=2m31s ---
  Saved: models/checkpoints/vae_decoder_best.pt
  E  2 S  50/1869 L1=0.02769 percep=0.39495 avg L1=0.02297 percep=0.38236 ETA 27m56s
  E  2 S 100/1869 L1=0.02562 percep=0.38711 avg L1=0.02308 percep=0.38348 ETA 24m23s
  E  2 S 150/1869 L1=0.02013 percep=0.35531 avg L1=0.02290 percep=0.38047 ETA 23m7s
  E  2 S 200/1869 L1=0.02430 percep=0.40807 avg L1=0.02300 percep=0.38182 ETA 22m10s
  E  2 S 250/1869 L1=0.01859 percep=0.34816 avg L1=0.02281 percep=0.37986 ETA 21m20s
  E  2 S 300/1869 L1=0.02227 percep=0.36351 avg L1=0.02278 percep=0.37961 ETA 21m33s
  E  2 S 350/1869 L1=0.01755 percep=0.29222 avg L1=0.02270 percep=0.37789 ETA 20m49s
  E  2 S 400/1869 L1=0.02499 percep=0.42788 avg L1=0.02263 percep=0.37681 ETA 19m7s
  E  2 S 450/1869 L1=0.02555 percep=0.36743 avg L1=0.02260 percep=0.37673 ETA 18m25s
  E  2 S 500/1869 L1=0.01993 percep=0.36862 avg L1=0.02257 percep=0.37618 ETA 18m44s
  E  2 S 550/1869 L1=0.01972 percep=0.33910 avg L1=0.02250 percep=0.37566 ETA 17m4s
  E  2 S 600/1869 L1=0.02000 percep=0.37373 avg L1=0.02244 percep=0.37529 ETA 16m24s
  E  2 S 650/1869 L1=0.02360 percep=0.41523 avg L1=0.02242 percep=0.37507 ETA 16m44s
  E  2 S 700/1869 L1=0.02057 percep=0.36943 avg L1=0.02239 percep=0.37464 ETA 15m5s
  E  2 S 750/1869 L1=0.02184 percep=0.38453 avg L1=0.02239 percep=0.37465 ETA 14m25s
  E  2 S 800/1869 L1=0.02720 percep=0.42965 avg L1=0.02234 percep=0.37391 ETA 14m46s
  E  2 S 850/1869 L1=0.02681 percep=0.42836 avg L1=0.02229 percep=0.37349 ETA 13m7s
  E  2 S 900/1869 L1=0.01876 percep=0.34220 avg L1=0.02231 percep=0.37373 ETA 12m28s
  E  2 S 950/1869 L1=0.01786 percep=0.30650 avg L1=0.02226 percep=0.37315 ETA 12m49s
  E  2 S1000/1869 L1=0.02216 percep=0.37238 avg L1=0.02228 percep=0.37332 ETA 11m10s
  E  2 S1050/1869 L1=0.01674 percep=0.28780 avg L1=0.02230 percep=0.37348 ETA 11m31s
  E  2 S1100/1869 L1=0.02032 percep=0.36057 avg L1=0.02230 percep=0.37354 ETA 10m52s
  E  2 S1150/1869 L1=0.02469 percep=0.41445 avg L1=0.02227 percep=0.37307 ETA 9m14s
  E  2 S1200/1869 L1=0.02550 percep=0.43224 avg L1=0.02230 percep=0.37354 ETA 9m35s
  E  2 S1250/1869 L1=0.02654 percep=0.40662 avg L1=0.02234 percep=0.37405 ETA 8m56s
  E  2 S1300/1869 L1=0.02276 percep=0.39421 avg L1=0.02232 percep=0.37386 ETA 7m18s
  E  2 S1350/1869 L1=0.02464 percep=0.39592 avg L1=0.02235 percep=0.37414 ETA 7m39s
  E  2 S1400/1869 L1=0.02655 percep=0.43035 avg L1=0.02236 percep=0.37428 ETA 6m1s
  E  2 S1450/1869 L1=0.01838 percep=0.34277 avg L1=0.02237 percep=0.37449 ETA 5m22s
  E  2 S1500/1869 L1=0.01948 percep=0.35794 avg L1=0.02237 percep=0.37448 ETA 5m43s
  E  2 S1550/1869 L1=0.02171 percep=0.37332 avg L1=0.02237 percep=0.37464 ETA 4m5s
  E  2 S1600/1869 L1=0.02460 percep=0.39537 avg L1=0.02239 percep=0.37487 ETA 3m26s
  E  2 S1650/1869 L1=0.02348 percep=0.37711 avg L1=0.02238 percep=0.37471 ETA 3m48s
  E  2 S1700/1869 L1=0.02497 percep=0.41625 avg L1=0.02239 percep=0.37482 ETA 2m9s
  E  2 S1750/1869 L1=0.02579 percep=0.42224 avg L1=0.02239 percep=0.37488 ETA 2m31s
  E  2 S1800/1869 L1=0.01892 percep=0.30506 avg L1=0.02237 percep=0.37452 ETA 1m52s
  E  2 S1850/1869 L1=0.02359 percep=0.36486 avg L1=0.02239 percep=0.37470 ETA 0m14s
--- Epoch   2 | train L1=0.02238 percep=0.37458 | val L1=0.02196 percep=0.37069 total=0.05902 | PSNR=28.71dB | T=24m57s V=2m30s ---
  Saved: models/checkpoints/vae_decoder_best.pt
  E  3 S  50/1869 L1=0.02528 percep=0.41682 avg L1=0.02319 percep=0.38408 ETA 27m55s
  E  3 S 100/1869 L1=0.02697 percep=0.43362 avg L1=0.02271 percep=0.37879 ETA 24m24s
  E  3 S 150/1869 L1=0.02090 percep=0.33226 avg L1=0.02245 percep=0.37700 ETA 23m10s
  E  3 S 200/1869 L1=0.02514 percep=0.42247 avg L1=0.02240 percep=0.37655 ETA 22m13s
  E  3 S 250/1869 L1=0.02021 percep=0.34795 avg L1=0.02233 percep=0.37575 ETA 21m23s
  E  3 S 300/1869 L1=0.02306 percep=0.36990 avg L1=0.02238 percep=0.37563 ETA 21m36s
  E  3 S 350/1869 L1=0.02396 percep=0.39832 avg L1=0.02237 percep=0.37551 ETA 20m52s
  E  3 S 400/1869 L1=0.02416 percep=0.40425 avg L1=0.02240 percep=0.37591 ETA 19m10s
  E  3 S 450/1869 L1=0.02852 percep=0.45890 avg L1=0.02243 percep=0.37627 ETA 18m28s
  E  3 S 500/1869 L1=0.02100 percep=0.38581 avg L1=0.02246 percep=0.37603 ETA 18m47s
  E  3 S 550/1869 L1=0.02203 percep=0.39271 avg L1=0.02245 percep=0.37577 ETA 17m6s
  E  3 S 600/1869 L1=0.01818 percep=0.35118 avg L1=0.02237 percep=0.37480 ETA 16m26s
  E  3 S 650/1869 L1=0.02350 percep=0.37519 avg L1=0.02239 percep=0.37520 ETA 16m46s
  E  3 S 700/1869 L1=0.02568 percep=0.39924 avg L1=0.02242 percep=0.37555 ETA 15m7s
  E  3 S 750/1869 L1=0.02107 percep=0.36801 avg L1=0.02237 percep=0.37503 ETA 14m27s
  E  3 S 800/1869 L1=0.02491 percep=0.41683 avg L1=0.02242 percep=0.37553 ETA 14m48s
  E  3 S 850/1869 L1=0.01978 percep=0.31341 avg L1=0.02241 percep=0.37545 ETA 13m8s
  E  3 S 900/1869 L1=0.02111 percep=0.35021 avg L1=0.02240 percep=0.37537 ETA 12m29s
  E  3 S 950/1869 L1=0.02373 percep=0.40782 avg L1=0.02241 percep=0.37553 ETA 12m50s
  E  3 S1000/1869 L1=0.02084 percep=0.35246 avg L1=0.02239 percep=0.37534 ETA 11m11s
  E  3 S1050/1869 L1=0.02218 percep=0.37615 avg L1=0.02239 percep=0.37521 ETA 11m32s
  E  3 S1100/1869 L1=0.02398 percep=0.40674 avg L1=0.02237 percep=0.37506 ETA 10m53s
  E  3 S1150/1869 L1=0.02382 percep=0.39736 avg L1=0.02236 percep=0.37511 ETA 9m15s
  E  3 S1200/1869 L1=0.02213 percep=0.37512 avg L1=0.02238 percep=0.37533 ETA 9m36s
  E  3 S1250/1869 L1=0.01939 percep=0.33030 avg L1=0.02237 percep=0.37506 ETA 8m57s
  E  3 S1300/1869 L1=0.02106 percep=0.38586 avg L1=0.02235 percep=0.37498 ETA 7m18s
  E  3 S1350/1869 L1=0.02239 percep=0.39133 avg L1=0.02237 percep=0.37513 ETA 7m40s
  E  3 S1400/1869 L1=0.02546 percep=0.40081 avg L1=0.02239 percep=0.37534 ETA 6m1s
  E  3 S1450/1869 L1=0.02361 percep=0.37385 avg L1=0.02235 percep=0.37499 ETA 5m22s
  E  3 S1500/1869 L1=0.01669 percep=0.31060 avg L1=0.02235 percep=0.37490 ETA 5m44s
  E  3 S1550/1869 L1=0.01808 percep=0.33527 avg L1=0.02237 percep=0.37509 ETA 4m5s
  E  3 S1600/1869 L1=0.01903 percep=0.33818 avg L1=0.02235 percep=0.37489 ETA 3m27s
  E  3 S1650/1869 L1=0.02363 percep=0.37688 avg L1=0.02234 percep=0.37473 ETA 3m48s
  E  3 S1700/1869 L1=0.02309 percep=0.39513 avg L1=0.02234 percep=0.37475 ETA 2m9s
  E  3 S1750/1869 L1=0.02685 percep=0.42212 avg L1=0.02236 percep=0.37491 ETA 2m31s
  E  3 S1800/1869 L1=0.01781 percep=0.30137 avg L1=0.02235 percep=0.37485 ETA 1m52s
  E  3 S1850/1869 L1=0.02282 percep=0.40008 avg L1=0.02235 percep=0.37482 ETA 0m14s
--- Epoch   3 | train L1=0.02234 percep=0.37470 | val L1=0.02191 percep=0.36986 total=0.05890 | PSNR=28.73dB | T=24m59s V=2m31s ---
  Saved: models/checkpoints/vae_decoder_best.pt
  E  4 S  50/1869 L1=0.02334 percep=0.37880 avg L1=0.02217 percep=0.37341 ETA 27m1s
  E  4 S 100/1869 L1=0.02688 percep=0.42046 avg L1=0.02231 percep=0.37276 ETA 24m27s
  E  4 S 150/1869 L1=0.02170 percep=0.37148 avg L1=0.02200 percep=0.36766 ETA 23m10s
  E  4 S 200/1869 L1=0.01807 percep=0.34028 avg L1=0.02198 percep=0.36820 ETA 22m13s
  E  4 S 250/1869 L1=0.02594 percep=0.42072 avg L1=0.02200 percep=0.36837 ETA 21m22s
  E  4 S 300/1869 L1=0.02164 percep=0.38361 avg L1=0.02209 percep=0.37030 ETA 21m36s
  E  4 S 350/1869 L1=0.02445 percep=0.41455 avg L1=0.02213 percep=0.37088 ETA 20m52s
  E  4 S 400/1869 L1=0.01817 percep=0.32005 avg L1=0.02208 percep=0.37070 ETA 19m9s
  E  4 S 450/1869 L1=0.01678 percep=0.30268 avg L1=0.02206 percep=0.37061 ETA 18m28s
  E  4 S 500/1869 L1=0.02462 percep=0.39290 avg L1=0.02205 percep=0.37044 ETA 18m47s
  E  4 S 550/1869 L1=0.02795 percep=0.44412 avg L1=0.02211 percep=0.37144 ETA 17m6s
  E  4 S 600/1869 L1=0.02570 percep=0.41558 avg L1=0.02210 percep=0.37161 ETA 16m26s
  E  4 S 650/1869 L1=0.01858 percep=0.33252 avg L1=0.02203 percep=0.37079 ETA 16m46s
  E  4 S 700/1869 L1=0.02118 percep=0.36237 avg L1=0.02204 percep=0.37092 ETA 15m6s
  E  4 S 750/1869 L1=0.01885 percep=0.32672 avg L1=0.02207 percep=0.37133 ETA 14m27s
  E  4 S 800/1869 L1=0.02340 percep=0.39159 avg L1=0.02211 percep=0.37164 ETA 14m48s
  E  4 S 850/1869 L1=0.01900 percep=0.33970 avg L1=0.02211 percep=0.37163 ETA 13m8s
  E  4 S 900/1869 L1=0.01896 percep=0.34833 avg L1=0.02211 percep=0.37154 ETA 12m29s
  E  4 S 950/1869 L1=0.02084 percep=0.37668 avg L1=0.02215 percep=0.37225 ETA 12m50s
  E  4 S1000/1869 L1=0.01875 percep=0.34219 avg L1=0.02213 percep=0.37218 ETA 11m11s
  E  4 S1050/1869 L1=0.02852 percep=0.42182 avg L1=0.02213 percep=0.37210 ETA 11m32s
  E  4 S1100/1869 L1=0.01746 percep=0.30583 avg L1=0.02213 percep=0.37203 ETA 10m53s
  E  4 S1150/1869 L1=0.02517 percep=0.42215 avg L1=0.02214 percep=0.37208 ETA 9m15s
  E  4 S1200/1869 L1=0.02392 percep=0.41044 avg L1=0.02217 percep=0.37263 ETA 9m36s
  E  4 S1250/1869 L1=0.02658 percep=0.43466 avg L1=0.02219 percep=0.37277 ETA 8m57s
  E  4 S1300/1869 L1=0.02128 percep=0.35823 avg L1=0.02219 percep=0.37267 ETA 7m18s
  E  4 S1350/1869 L1=0.02232 percep=0.36321 avg L1=0.02220 percep=0.37283 ETA 7m40s
  E  4 S1400/1869 L1=0.02195 percep=0.38303 avg L1=0.02221 percep=0.37290 ETA 6m1s
  E  4 S1450/1869 L1=0.02336 percep=0.39822 avg L1=0.02220 percep=0.37270 ETA 5m22s
  E  4 S1500/1869 L1=0.02860 percep=0.45353 avg L1=0.02222 percep=0.37275 ETA 5m44s
  E  4 S1550/1869 L1=0.02465 percep=0.42469 avg L1=0.02221 percep=0.37272 ETA 4m5s
  E  4 S1600/1869 L1=0.01845 percep=0.33433 avg L1=0.02220 percep=0.37276 ETA 3m27s
  E  4 S1650/1869 L1=0.02081 percep=0.34244 avg L1=0.02221 percep=0.37287 ETA 3m48s
  E  4 S1700/1869 L1=0.02573 percep=0.41532 avg L1=0.02221 percep=0.37291 ETA 2m9s
  E  4 S1750/1869 L1=0.01897 percep=0.32556 avg L1=0.02223 percep=0.37306 ETA 2m31s
  E  4 S1800/1869 L1=0.02434 percep=0.42471 avg L1=0.02224 percep=0.37318 ETA 1m52s
  E  4 S1850/1869 L1=0.02473 percep=0.40353 avg L1=0.02226 percep=0.37338 ETA 0m14s
--- Epoch   4 | train L1=0.02225 percep=0.37322 | val L1=0.02189 percep=0.36936 total=0.05883 | PSNR=28.74dB | T=24m59s V=2m31s ---
  Saved: models/checkpoints/vae_decoder_best.pt
  E  5 S  50/1869 L1=0.01921 percep=0.34171 avg L1=0.02164 percep=0.36452 ETA 27m56s
  E  5 S 100/1869 L1=0.02597 percep=0.41882 avg L1=0.02184 percep=0.36730 ETA 24m25s
  E  5 S 150/1869 L1=0.02154 percep=0.37776 avg L1=0.02204 percep=0.37013 ETA 23m10s
  E  5 S 200/1869 L1=0.01727 percep=0.28775 avg L1=0.02217 percep=0.37222 ETA 22m12s
  E  5 S 250/1869 L1=0.02531 percep=0.41243 avg L1=0.02230 percep=0.37391 ETA 21m22s
  E  5 S 300/1869 L1=0.02332 percep=0.39878 avg L1=0.02227 percep=0.37364 ETA 21m36s
  E  5 S 350/1869 L1=0.02392 percep=0.38020 avg L1=0.02227 percep=0.37342 ETA 20m52s
  E  5 S 400/1869 L1=0.02038 percep=0.34185 avg L1=0.02228 percep=0.37343 ETA 19m9s
  E  5 S 450/1869 L1=0.02690 percep=0.41682 avg L1=0.02228 percep=0.37389 ETA 18m27s
  E  5 S 500/1869 L1=0.02046 percep=0.37564 avg L1=0.02232 percep=0.37439 ETA 18m46s
  E  5 S 550/1869 L1=0.01684 percep=0.32130 avg L1=0.02227 percep=0.37379 ETA 17m6s
  E  5 S 600/1869 L1=0.02035 percep=0.35348 avg L1=0.02221 percep=0.37305 ETA 16m26s
  E  5 S 650/1869 L1=0.01971 percep=0.35447 avg L1=0.02219 percep=0.37234 ETA 16m46s
  E  5 S 700/1869 L1=0.02124 percep=0.35512 avg L1=0.02221 percep=0.37268 ETA 15m6s
  E  5 S 750/1869 L1=0.01643 percep=0.29757 avg L1=0.02218 percep=0.37219 ETA 14m27s
  E  5 S 800/1869 L1=0.02474 percep=0.40692 avg L1=0.02216 percep=0.37203 ETA 14m47s
  E  5 S 850/1869 L1=0.02549 percep=0.41917 avg L1=0.02213 percep=0.37166 ETA 13m8s
  E  5 S 900/1869 L1=0.01897 percep=0.31592 avg L1=0.02212 percep=0.37149 ETA 12m29s
  E  5 S 950/1869 L1=0.02499 percep=0.40671 avg L1=0.02212 percep=0.37127 ETA 12m50s
  E  5 S1000/1869 L1=0.01718 percep=0.31791 avg L1=0.02212 percep=0.37133 ETA 11m11s
  E  5 S1050/1869 L1=0.01482 percep=0.29705 avg L1=0.02211 percep=0.37140 ETA 11m32s
  E  5 S1100/1869 L1=0.02390 percep=0.39694 avg L1=0.02211 percep=0.37146 ETA 10m53s
  E  5 S1150/1869 L1=0.01978 percep=0.31258 avg L1=0.02210 percep=0.37118 ETA 9m15s
  E  5 S1200/1869 L1=0.02026 percep=0.35821 avg L1=0.02210 percep=0.37122 ETA 9m36s
  E  5 S1250/1869 L1=0.02204 percep=0.37612 avg L1=0.02210 percep=0.37138 ETA 8m57s
  E  5 S1300/1869 L1=0.02197 percep=0.37287 avg L1=0.02208 percep=0.37115 ETA 7m18s
  E  5 S1350/1869 L1=0.02169 percep=0.35849 avg L1=0.02209 percep=0.37129 ETA 7m40s
  E  5 S1400/1869 L1=0.01856 percep=0.31858 avg L1=0.02210 percep=0.37129 ETA 6m1s
  E  5 S1450/1869 L1=0.02035 percep=0.34668 avg L1=0.02209 percep=0.37125 ETA 5m22s
  E  5 S1500/1869 L1=0.01834 percep=0.30755 avg L1=0.02209 percep=0.37118 ETA 5m44s
  E  5 S1550/1869 L1=0.02250 percep=0.38296 avg L1=0.02210 percep=0.37134 ETA 4m5s
  E  5 S1600/1869 L1=0.02301 percep=0.40143 avg L1=0.02210 percep=0.37145 ETA 3m27s
  E  5 S1650/1869 L1=0.01844 percep=0.32527 avg L1=0.02211 percep=0.37159 ETA 3m48s
  E  5 S1700/1869 L1=0.02635 percep=0.42715 avg L1=0.02211 percep=0.37155 ETA 2m9s
  E  5 S1750/1869 L1=0.02186 percep=0.38321 avg L1=0.02212 percep=0.37171 ETA 2m31s
  E  5 S1800/1869 L1=0.01936 percep=0.33853 avg L1=0.02209 percep=0.37137 ETA 1m52s
  E  5 S1850/1869 L1=0.01978 percep=0.32889 avg L1=0.02211 percep=0.37158 ETA 0m14s
--- Epoch   5 | train L1=0.02211 percep=0.37154 | val L1=0.02193 percep=0.36898 total=0.05883 | PSNR=28.75dB | T=24m59s V=2m31s ---
  E  6 S  50/1869 L1=0.02261 percep=0.37740 avg L1=0.02290 percep=0.38200 ETA 24m29s
  E  6 S 100/1869 L1=0.02249 percep=0.39298 avg L1=0.02250 percep=0.37611 ETA 23m14s
  E  6 S 150/1869 L1=0.02214 percep=0.35995 avg L1=0.02221 percep=0.37225 ETA 22m24s
  E  6 S 200/1869 L1=0.01918 percep=0.34428 avg L1=0.02235 percep=0.37392 ETA 22m39s
  E  6 S 250/1869 L1=0.02235 percep=0.37958 avg L1=0.02240 percep=0.37469 ETA 21m57s
  E  6 S 300/1869 L1=0.02892 percep=0.46092 avg L1=0.02236 percep=0.37494 ETA 20m15s
  E  6 S 350/1869 L1=0.02276 percep=0.39556 avg L1=0.02229 percep=0.37446 ETA 20m35s
  E  6 S 400/1869 L1=0.01941 percep=0.33541 avg L1=0.02225 percep=0.37388 ETA 19m55s
  E  6 S 450/1869 L1=0.02783 percep=0.44848 avg L1=0.02227 percep=0.37400 ETA 18m15s
  E  6 S 500/1869 L1=0.01880 percep=0.33012 avg L1=0.02225 percep=0.37341 ETA 18m36s
  E  6 S 550/1869 L1=0.02488 percep=0.40053 avg L1=0.02222 percep=0.37296 ETA 17m57s
  E  6 S 600/1869 L1=0.02008 percep=0.35499 avg L1=0.02223 percep=0.37305 ETA 16m18s
  E  6 S 650/1869 L1=0.01917 percep=0.35590 avg L1=0.02223 percep=0.37281 ETA 16m39s
  E  6 S 700/1869 L1=0.02003 percep=0.34561 avg L1=0.02223 percep=0.37299 ETA 15m60s
  E  6 S 750/1869 L1=0.02025 percep=0.33756 avg L1=0.02227 percep=0.37344 ETA 14m21s
  E  6 S 800/1869 L1=0.02088 percep=0.37531 avg L1=0.02226 percep=0.37304 ETA 14m42s
  E  6 S 850/1869 L1=0.02212 percep=0.37769 avg L1=0.02225 percep=0.37284 ETA 13m4s
  E  6 S 900/1869 L1=0.02297 percep=0.38751 avg L1=0.02224 percep=0.37282 ETA 12m25s
  E  6 S 950/1869 L1=0.02491 percep=0.42093 avg L1=0.02227 percep=0.37342 ETA 12m46s
  E  6 S1000/1869 L1=0.01957 percep=0.34444 avg L1=0.02226 percep=0.37330 ETA 11m8s
  E  6 S1050/1869 L1=0.02629 percep=0.41996 avg L1=0.02230 percep=0.37364 ETA 10m29s
  E  6 S1100/1869 L1=0.01837 percep=0.33034 avg L1=0.02232 percep=0.37381 ETA 10m51s
  E  6 S1150/1869 L1=0.02053 percep=0.35701 avg L1=0.02229 percep=0.37355 ETA 9m12s
  E  6 S1200/1869 L1=0.02167 percep=0.36972 avg L1=0.02230 percep=0.37364 ETA 9m34s
  E  6 S1250/1869 L1=0.01531 percep=0.26087 avg L1=0.02229 percep=0.37355 ETA 8m55s
  E  6 S1300/1869 L1=0.02394 percep=0.41084 avg L1=0.02230 percep=0.37348 ETA 7m17s
  E  6 S1350/1869 L1=0.02759 percep=0.43464 avg L1=0.02231 percep=0.37348 ETA 7m38s
  E  6 S1400/1869 L1=0.02558 percep=0.41453 avg L1=0.02229 percep=0.37327 ETA 6m60s
  E  6 S1450/1869 L1=0.02437 percep=0.41244 avg L1=0.02227 percep=0.37304 ETA 5m21s
  E  6 S1500/1869 L1=0.01814 percep=0.33648 avg L1=0.02225 percep=0.37285 ETA 5m43s
  E  6 S1550/1869 L1=0.02136 percep=0.38533 avg L1=0.02224 percep=0.37289 ETA 4m4s
  E  6 S1600/1869 L1=0.02032 percep=0.36882 avg L1=0.02224 percep=0.37288 ETA 3m26s
  E  6 S1650/1869 L1=0.02591 percep=0.43923 avg L1=0.02222 percep=0.37274 ETA 3m48s
  E  6 S1700/1869 L1=0.02859 percep=0.44357 avg L1=0.02223 percep=0.37283 ETA 2m9s
  E  6 S1750/1869 L1=0.01828 percep=0.31510 avg L1=0.02222 percep=0.37271 ETA 2m31s
  E  6 S1800/1869 L1=0.01958 percep=0.33696 avg L1=0.02223 percep=0.37281 ETA 1m52s
  E  6 S1850/1869 L1=0.01881 percep=0.31830 avg L1=0.02223 percep=0.37269 ETA 0m14s
--- Epoch   6 | train L1=0.02224 percep=0.37279 | val L1=0.02182 percep=0.36854 total=0.05867 | PSNR=28.77dB | T=24m55s V=2m31s ---
  Saved: models/checkpoints/vae_decoder_best.pt
  E  7 S  50/1869 L1=0.02538 percep=0.40931 avg L1=0.02230 percep=0.37163 ETA 27m2s
  E  7 S 100/1869 L1=0.01879 percep=0.32055 avg L1=0.02214 percep=0.37017 ETA 24m29s
  E  7 S 150/1869 L1=0.02178 percep=0.36984 avg L1=0.02214 percep=0.37139 ETA 23m15s
  E  7 S 200/1869 L1=0.02372 percep=0.37195 avg L1=0.02202 percep=0.36977 ETA 22m17s
  E  7 S 250/1869 L1=0.02600 percep=0.43197 avg L1=0.02209 percep=0.37099 ETA 21m26s
  E  7 S 300/1869 L1=0.02473 percep=0.40141 avg L1=0.02211 percep=0.37105 ETA 21m40s
  E  7 S 350/1869 L1=0.02478 percep=0.36593 avg L1=0.02213 percep=0.37137 ETA 20m55s
  E  7 S 400/1869 L1=0.02340 percep=0.39059 avg L1=0.02217 percep=0.37211 ETA 19m12s
  E  7 S 450/1869 L1=0.02023 percep=0.34842 avg L1=0.02217 percep=0.37224 ETA 18m30s
  E  7 S 500/1869 L1=0.02300 percep=0.38114 avg L1=0.02214 percep=0.37184 ETA 18m49s
  E  7 S 550/1869 L1=0.01983 percep=0.32031 avg L1=0.02213 percep=0.37155 ETA 17m8s
  E  7 S 600/1869 L1=0.02280 percep=0.37671 avg L1=0.02219 percep=0.37237 ETA 16m28s
  E  7 S 650/1869 L1=0.02033 percep=0.34657 avg L1=0.02220 percep=0.37243 ETA 16m48s
  E  7 S 700/1869 L1=0.02074 percep=0.36065 avg L1=0.02215 percep=0.37177 ETA 15m8s
  E  7 S 750/1869 L1=0.01827 percep=0.32103 avg L1=0.02215 percep=0.37163 ETA 14m28s
  E  7 S 800/1869 L1=0.01741 percep=0.32774 avg L1=0.02213 percep=0.37145 ETA 14m49s
  E  7 S 850/1869 L1=0.02225 percep=0.36955 avg L1=0.02218 percep=0.37216 ETA 13m9s
  E  7 S 900/1869 L1=0.02382 percep=0.40520 avg L1=0.02220 percep=0.37235 ETA 13m30s
  E  7 S 950/1869 L1=0.02182 percep=0.37981 avg L1=0.02220 percep=0.37225 ETA 12m51s
  E  7 S1000/1869 L1=0.01857 percep=0.31594 avg L1=0.02218 percep=0.37204 ETA 11m12s
  E  7 S1050/1869 L1=0.03107 percep=0.47012 avg L1=0.02217 percep=0.37190 ETA 11m33s
  E  7 S1100/1869 L1=0.02038 percep=0.36126 avg L1=0.02214 percep=0.37170 ETA 10m54s
  E  7 S1150/1869 L1=0.02109 percep=0.37385 avg L1=0.02215 percep=0.37183 ETA 9m15s
  E  7 S1200/1869 L1=0.02053 percep=0.34803 avg L1=0.02214 percep=0.37175 ETA 9m36s
  E  7 S1250/1869 L1=0.02164 percep=0.37521 avg L1=0.02211 percep=0.37137 ETA 8m58s
  E  7 S1300/1869 L1=0.02359 percep=0.40364 avg L1=0.02212 percep=0.37157 ETA 7m19s
  E  7 S1350/1869 L1=0.02039 percep=0.37530 avg L1=0.02215 percep=0.37188 ETA 7m40s
  E  7 S1400/1869 L1=0.01755 percep=0.29616 avg L1=0.02215 percep=0.37198 ETA 6m1s
  E  7 S1450/1869 L1=0.02167 percep=0.38642 avg L1=0.02215 percep=0.37187 ETA 5m23s
  E  7 S1500/1869 L1=0.01716 percep=0.32197 avg L1=0.02213 percep=0.37163 ETA 5m44s
  E  7 S1550/1869 L1=0.01634 percep=0.28539 avg L1=0.02214 percep=0.37172 ETA 4m5s
  E  7 S1600/1869 L1=0.01930 percep=0.35032 avg L1=0.02213 percep=0.37166 ETA 3m27s
  E  7 S1650/1869 L1=0.02123 percep=0.36845 avg L1=0.02213 percep=0.37164 ETA 3m48s
  E  7 S1700/1869 L1=0.02269 percep=0.38558 avg L1=0.02214 percep=0.37162 ETA 2m10s
  E  7 S1750/1869 L1=0.02844 percep=0.43675 avg L1=0.02217 percep=0.37189 ETA 2m31s
  E  7 S1800/1869 L1=0.02124 percep=0.38538 avg L1=0.02219 percep=0.37219 ETA 1m52s
  E  7 S1850/1869 L1=0.02171 percep=0.36409 avg L1=0.02219 percep=0.37216 ETA 0m14s
--- Epoch   7 | train L1=0.02220 percep=0.37224 | val L1=0.02182 percep=0.36818 total=0.05864 | PSNR=28.77dB | T=24m00s V=2m31s ---
  Saved: models/checkpoints/vae_decoder_best.pt
  E  8 S  50/1869 L1=0.02201 percep=0.36419 avg L1=0.02125 percep=0.36129 ETA 27m51s
  E  8 S 100/1869 L1=0.02014 percep=0.34564 avg L1=0.02152 percep=0.36452 ETA 24m23s
  E  8 S 150/1869 L1=0.01843 percep=0.34487 avg L1=0.02166 percep=0.36828 ETA 23m10s
  E  8 S 200/1869 L1=0.02502 percep=0.41798 avg L1=0.02172 percep=0.36862 ETA 22m13s
  E  8 S 250/1869 L1=0.01994 percep=0.35782 avg L1=0.02177 percep=0.36875 ETA 21m23s
  E  8 S 300/1869 L1=0.02092 percep=0.37495 avg L1=0.02186 percep=0.36963 ETA 21m37s
  E  8 S 350/1869 L1=0.02353 percep=0.40541 avg L1=0.02190 percep=0.36985 ETA 20m53s
  E  8 S 400/1869 L1=0.02247 percep=0.40088 avg L1=0.02186 percep=0.36924 ETA 19m10s
  E  8 S 450/1869 L1=0.02616 percep=0.41406 avg L1=0.02200 percep=0.37105 ETA 18m28s
  E  8 S 500/1869 L1=0.01988 percep=0.35506 avg L1=0.02205 percep=0.37192 ETA 18m47s
  E  8 S 550/1869 L1=0.01401 percep=0.25831 avg L1=0.02206 percep=0.37148 ETA 17m7s
  E  8 S 600/1869 L1=0.02081 percep=0.35884 avg L1=0.02210 percep=0.37189 ETA 16m26s
  E  8 S 650/1869 L1=0.02430 percep=0.40403 avg L1=0.02208 percep=0.37175 ETA 16m47s
  E  8 S 700/1869 L1=0.02463 percep=0.40669 avg L1=0.02206 percep=0.37135 ETA 15m7s
  E  8 S 750/1869 L1=0.02061 percep=0.32527 avg L1=0.02205 percep=0.37122 ETA 14m27s
  E  8 S 800/1869 L1=0.02333 percep=0.40082 avg L1=0.02207 percep=0.37152 ETA 14m48s
  E  8 S 850/1869 L1=0.02021 percep=0.33516 avg L1=0.02206 percep=0.37124 ETA 13m9s
  E  8 S 900/1869 L1=0.01667 percep=0.31266 avg L1=0.02206 percep=0.37134 ETA 12m30s
  E  8 S 950/1869 L1=0.01902 percep=0.33596 avg L1=0.02207 percep=0.37117 ETA 12m51s
  E  8 S1000/1869 L1=0.01519 percep=0.28561 avg L1=0.02207 percep=0.37129 ETA 11m12s
  E  8 S1050/1869 L1=0.02547 percep=0.40518 avg L1=0.02211 percep=0.37170 ETA 11m33s
  E  8 S1100/1869 L1=0.01852 percep=0.33920 avg L1=0.02213 percep=0.37184 ETA 10m54s
  E  8 S1150/1869 L1=0.02472 percep=0.41874 avg L1=0.02213 percep=0.37192 ETA 9m15s
  E  8 S1200/1869 L1=0.02411 percep=0.39928 avg L1=0.02218 percep=0.37242 ETA 9m36s
  E  8 S1250/1869 L1=0.02111 percep=0.37447 avg L1=0.02217 percep=0.37236 ETA 8m57s
  E  8 S1300/1869 L1=0.02607 percep=0.40045 avg L1=0.02218 percep=0.37255 ETA 7m19s
  E  8 S1350/1869 L1=0.02498 percep=0.41252 avg L1=0.02218 percep=0.37267 ETA 7m40s
  E  8 S1400/1869 L1=0.02257 percep=0.39261 avg L1=0.02218 percep=0.37263 ETA 6m1s
  E  8 S1450/1869 L1=0.01898 percep=0.35343 avg L1=0.02219 percep=0.37280 ETA 5m23s
  E  8 S1500/1869 L1=0.02136 percep=0.35613 avg L1=0.02219 percep=0.37280 ETA 5m44s
  E  8 S1550/1869 L1=0.02064 percep=0.36094 avg L1=0.02219 percep=0.37274 ETA 4m5s
  E  8 S1600/1869 L1=0.01881 percep=0.32887 avg L1=0.02220 percep=0.37274 ETA 3m27s
  E  8 S1650/1869 L1=0.02493 percep=0.41187 avg L1=0.02219 percep=0.37267 ETA 3m48s
  E  8 S1700/1869 L1=0.02746 percep=0.42701 avg L1=0.02220 percep=0.37274 ETA 2m10s
  E  8 S1750/1869 L1=0.02076 percep=0.37356 avg L1=0.02220 percep=0.37279 ETA 2m31s
  E  8 S1800/1869 L1=0.02161 percep=0.36446 avg L1=0.02220 percep=0.37271 ETA 1m52s
  E  8 S1850/1869 L1=0.02482 percep=0.41601 avg L1=0.02220 percep=0.37276 ETA 0m14s
--- Epoch   8 | train L1=0.02220 percep=0.37279 | val L1=0.02180 percep=0.36792 total=0.05859 | PSNR=28.78dB | T=24m00s V=2m31s ---
  Saved: models/checkpoints/vae_decoder_best.pt
  E  9 S  50/1869 L1=0.02300 percep=0.40358 avg L1=0.02172 percep=0.36963 ETA 27m58s
  E  9 S 100/1869 L1=0.01892 percep=0.33199 avg L1=0.02186 percep=0.37027 ETA 24m26s
  E  9 S 150/1869 L1=0.02189 percep=0.38535 avg L1=0.02205 percep=0.37071 ETA 23m11s
  E  9 S 200/1869 L1=0.02079 percep=0.35105 avg L1=0.02219 percep=0.37172 ETA 22m13s
  E  9 S 250/1869 L1=0.02466 percep=0.40518 avg L1=0.02229 percep=0.37310 ETA 21m23s
  E  9 S 300/1869 L1=0.02338 percep=0.38370 avg L1=0.02244 percep=0.37495 ETA 21m36s
  E  9 S 350/1869 L1=0.02751 percep=0.42236 avg L1=0.02241 percep=0.37469 ETA 20m52s
  E  9 S 400/1869 L1=0.02076 percep=0.37117 avg L1=0.02238 percep=0.37444 ETA 19m10s
  E  9 S 450/1869 L1=0.02267 percep=0.38730 avg L1=0.02232 percep=0.37363 ETA 18m28s
  E  9 S 500/1869 L1=0.02392 percep=0.40035 avg L1=0.02238 percep=0.37442 ETA 18m47s
  E  9 S 550/1869 L1=0.01590 percep=0.31648 avg L1=0.02233 percep=0.37375 ETA 17m6s
  E  9 S 600/1869 L1=0.02105 percep=0.35675 avg L1=0.02232 percep=0.37364 ETA 16m26s
  E  9 S 650/1869 L1=0.01593 percep=0.29963 avg L1=0.02226 percep=0.37291 ETA 16m46s
  E  9 S 700/1869 L1=0.02613 percep=0.41371 avg L1=0.02221 percep=0.37222 ETA 15m6s
  E  9 S 750/1869 L1=0.02058 percep=0.36408 avg L1=0.02216 percep=0.37167 ETA 14m27s
  E  9 S 800/1869 L1=0.01139 percep=0.22356 avg L1=0.02212 percep=0.37127 ETA 14m47s
  E  9 S 850/1869 L1=0.02130 percep=0.36867 avg L1=0.02214 percep=0.37155 ETA 13m8s
  E  9 S 900/1869 L1=0.01593 percep=0.28927 avg L1=0.02211 percep=0.37117 ETA 12m29s
  E  9 S 950/1869 L1=0.02649 percep=0.42655 avg L1=0.02211 percep=0.37108 ETA 12m50s
  E  9 S1000/1869 L1=0.02555 percep=0.41105 avg L1=0.02212 percep=0.37129 ETA 11m11s
  E  9 S1050/1869 L1=0.01785 percep=0.30331 avg L1=0.02212 percep=0.37126 ETA 11m32s
  E  9 S1100/1869 L1=0.02190 percep=0.35808 avg L1=0.02210 percep=0.37106 ETA 10m53s
  E  9 S1150/1869 L1=0.01876 percep=0.31797 avg L1=0.02210 percep=0.37098 ETA 9m14s
  E  9 S1200/1869 L1=0.02010 percep=0.36426 avg L1=0.02211 percep=0.37108 ETA 9m36s
  E  9 S1250/1869 L1=0.02129 percep=0.37115 avg L1=0.02210 percep=0.37097 ETA 8m57s
  E  9 S1300/1869 L1=0.01888 percep=0.31409 avg L1=0.02212 percep=0.37117 ETA 7m18s
  E  9 S1350/1869 L1=0.02635 percep=0.41955 avg L1=0.02210 percep=0.37094 ETA 7m40s
  E  9 S1400/1869 L1=0.02687 percep=0.41744 avg L1=0.02209 percep=0.37089 ETA 6m1s
  E  9 S1450/1869 L1=0.01675 percep=0.30342 avg L1=0.02207 percep=0.37076 ETA 5m22s
  E  9 S1500/1869 L1=0.02275 percep=0.38161 avg L1=0.02205 percep=0.37050 ETA 5m44s
  E  9 S1550/1869 L1=0.02228 percep=0.37415 avg L1=0.02204 percep=0.37037 ETA 4m5s
  E  9 S1600/1869 L1=0.02386 percep=0.39701 avg L1=0.02205 percep=0.37034 ETA 3m26s
  E  9 S1650/1869 L1=0.02474 percep=0.39114 avg L1=0.02205 percep=0.37035 ETA 3m48s
  E  9 S1700/1869 L1=0.01897 percep=0.34198 avg L1=0.02207 percep=0.37066 ETA 2m9s
  E  9 S1750/1869 L1=0.02521 percep=0.41286 avg L1=0.02206 percep=0.37045 ETA 2m31s
  E  9 S1800/1869 L1=0.01760 percep=0.31980 avg L1=0.02204 percep=0.37033 ETA 1m52s
  E  9 S1850/1869 L1=0.02487 percep=0.42876 avg L1=0.02205 percep=0.37033 ETA 0m14s
--- Epoch   9 | train L1=0.02206 percep=0.37048 | val L1=0.02192 percep=0.36789 total=0.05871 | PSNR=28.79dB | T=24m58s V=2m32s ---
  E 10 S  50/1869 L1=0.02158 percep=0.37004 avg L1=0.02274 percep=0.37679 ETA 24m28s
  E 10 S 100/1869 L1=0.02257 percep=0.39496 avg L1=0.02242 percep=0.37379 ETA 23m14s
  E 10 S 150/1869 L1=0.02223 percep=0.38976 avg L1=0.02241 percep=0.37355 ETA 22m25s
  E 10 S 200/1869 L1=0.02805 percep=0.43200 avg L1=0.02234 percep=0.37300 ETA 22m40s
  E 10 S 250/1869 L1=0.02187 percep=0.38135 avg L1=0.02234 percep=0.37306 ETA 21m58s
  E 10 S 300/1869 L1=0.02491 percep=0.41323 avg L1=0.02232 percep=0.37257 ETA 20m16s
  E 10 S 350/1869 L1=0.01700 percep=0.30697 avg L1=0.02236 percep=0.37300 ETA 20m36s
  E 10 S 400/1869 L1=0.02174 percep=0.37979 avg L1=0.02232 percep=0.37282 ETA 19m56s
  E 10 S 450/1869 L1=0.02007 percep=0.36828 avg L1=0.02236 percep=0.37306 ETA 18m16s
  E 10 S 500/1869 L1=0.01497 percep=0.27090 avg L1=0.02223 percep=0.37164 ETA 18m37s
  E 10 S 550/1869 L1=0.02082 percep=0.36593 avg L1=0.02225 percep=0.37205 ETA 17m58s
  E 10 S 600/1869 L1=0.01826 percep=0.33534 avg L1=0.02226 percep=0.37222 ETA 16m19s
  E 10 S 650/1869 L1=0.02106 percep=0.37703 avg L1=0.02229 percep=0.37237 ETA 16m40s
  E 10 S 700/1869 L1=0.01854 percep=0.33983 avg L1=0.02222 percep=0.37137 ETA 15m1s
  E 10 S 750/1869 L1=0.02280 percep=0.35697 avg L1=0.02225 percep=0.37165 ETA 14m22s
  E 10 S 800/1869 L1=0.02680 percep=0.41940 avg L1=0.02226 percep=0.37184 ETA 14m43s
  E 10 S 850/1869 L1=0.01715 percep=0.31898 avg L1=0.02228 percep=0.37215 ETA 13m5s
  E 10 S 900/1869 L1=0.01730 percep=0.31601 avg L1=0.02230 percep=0.37233 ETA 12m26s
  E 10 S 950/1869 L1=0.01159 percep=0.22038 avg L1=0.02230 percep=0.37232 ETA 12m47s
  E 10 S1000/1869 L1=0.02398 percep=0.39940 avg L1=0.02228 percep=0.37223 ETA 11m9s
  E 10 S1050/1869 L1=0.02166 percep=0.34658 avg L1=0.02228 percep=0.37235 ETA 11m30s
  E 10 S1100/1869 L1=0.02633 percep=0.42311 avg L1=0.02225 percep=0.37211 ETA 10m52s
  E 10 S1150/1869 L1=0.02156 percep=0.35150 avg L1=0.02222 percep=0.37180 ETA 9m13s
  E 10 S1200/1869 L1=0.02652 percep=0.41025 avg L1=0.02224 percep=0.37217 ETA 9m34s
  E 10 S1250/1869 L1=0.01967 percep=0.33726 avg L1=0.02225 percep=0.37227 ETA 8m56s
  E 10 S1300/1869 L1=0.02473 percep=0.40780 avg L1=0.02227 percep=0.37253 ETA 7m17s
  E 10 S1350/1869 L1=0.02467 percep=0.41020 avg L1=0.02226 percep=0.37244 ETA 7m39s
  E 10 S1400/1869 L1=0.02015 percep=0.34084 avg L1=0.02225 percep=0.37245 ETA 6m0s
  E 10 S1450/1869 L1=0.02290 percep=0.38628 avg L1=0.02224 percep=0.37241 ETA 5m22s
  E 10 S1500/1869 L1=0.02048 percep=0.34765 avg L1=0.02224 percep=0.37246 ETA 5m43s
  E 10 S1550/1869 L1=0.02138 percep=0.37798 avg L1=0.02222 percep=0.37227 ETA 4m5s
  E 10 S1600/1869 L1=0.02239 percep=0.37338 avg L1=0.02222 percep=0.37230 ETA 3m26s
  E 10 S1650/1869 L1=0.01902 percep=0.34575 avg L1=0.02220 percep=0.37212 ETA 3m48s
  E 10 S1700/1869 L1=0.02058 percep=0.37015 avg L1=0.02221 percep=0.37223 ETA 2m9s
  E 10 S1750/1869 L1=0.02219 percep=0.37668 avg L1=0.02220 percep=0.37208 ETA 2m31s
  E 10 S1800/1869 L1=0.02054 percep=0.34355 avg L1=0.02222 percep=0.37238 ETA 1m52s
  E 10 S1850/1869 L1=0.01529 percep=0.28404 avg L1=0.02219 percep=0.37212 ETA 0m14s
--- Epoch  10 | train L1=0.02219 percep=0.37207 | val L1=0.02177 percep=0.36755 total=0.05853 | PSNR=28.79dB | T=24m58s V=2m31s ---
  Saved: models/checkpoints/vae_decoder_best.pt
  E 11 S  50/1869 L1=0.01722 percep=0.28580 avg L1=0.02112 percep=0.35868 ETA 27m55s
  E 11 S 100/1869 L1=0.01806 percep=0.32642 avg L1=0.02154 percep=0.36435 ETA 24m25s
  E 11 S 150/1869 L1=0.02523 percep=0.39856 avg L1=0.02169 percep=0.36634 ETA 23m12s
  E 11 S 200/1869 L1=0.01722 percep=0.31313 avg L1=0.02174 percep=0.36719 ETA 22m15s
  E 11 S 250/1869 L1=0.01785 percep=0.30507 avg L1=0.02175 percep=0.36702 ETA 21m24s
  E 11 S 300/1869 L1=0.01968 percep=0.34235 avg L1=0.02176 percep=0.36748 ETA 21m38s
  E 11 S 350/1869 L1=0.01869 percep=0.29739 avg L1=0.02182 percep=0.36808 ETA 20m53s
  E 11 S 400/1869 L1=0.01760 percep=0.26118 avg L1=0.02183 percep=0.36790 ETA 19m10s
  E 11 S 450/1869 L1=0.01941 percep=0.35265 avg L1=0.02188 percep=0.36867 ETA 18m28s
  E 11 S 500/1869 L1=0.02187 percep=0.37451 avg L1=0.02189 percep=0.36889 ETA 18m47s
  E 11 S 550/1869 L1=0.02429 percep=0.37316 avg L1=0.02195 percep=0.36986 ETA 17m7s
  E 11 S 600/1869 L1=0.02424 percep=0.41348 avg L1=0.02201 percep=0.37061 ETA 16m26s
  E 11 S 650/1869 L1=0.02189 percep=0.38300 avg L1=0.02204 percep=0.37086 ETA 16m46s
  E 11 S 700/1869 L1=0.02062 percep=0.34183 avg L1=0.02207 percep=0.37076 ETA 15m7s
  E 11 S 750/1869 L1=0.02191 percep=0.36962 avg L1=0.02205 percep=0.37063 ETA 14m27s
  E 11 S 800/1869 L1=0.01650 percep=0.30680 avg L1=0.02208 percep=0.37083 ETA 14m48s
  E 11 S 850/1869 L1=0.02347 percep=0.36531 avg L1=0.02209 percep=0.37082 ETA 13m8s
  E 11 S 900/1869 L1=0.02196 percep=0.35985 avg L1=0.02205 percep=0.37043 ETA 12m29s
  E 11 S 950/1869 L1=0.01960 percep=0.34082 avg L1=0.02201 percep=0.36985 ETA 12m50s
  E 11 S1000/1869 L1=0.02898 percep=0.44769 avg L1=0.02201 percep=0.36991 ETA 11m11s
  E 11 S1050/1869 L1=0.02039 percep=0.35721 avg L1=0.02204 percep=0.37007 ETA 11m32s
  E 11 S1100/1869 L1=0.02471 percep=0.41070 avg L1=0.02207 percep=0.37035 ETA 10m53s
  E 11 S1150/1869 L1=0.02056 percep=0.37078 avg L1=0.02207 percep=0.37041 ETA 9m15s
  E 11 S1200/1869 L1=0.01516 percep=0.28766 avg L1=0.02207 percep=0.37051 ETA 9m36s
  E 11 S1250/1869 L1=0.02037 percep=0.36616 avg L1=0.02209 percep=0.37067 ETA 8m57s
  E 11 S1300/1869 L1=0.02557 percep=0.39905 avg L1=0.02207 percep=0.37050 ETA 7m18s
  E 11 S1350/1869 L1=0.01721 percep=0.32740 avg L1=0.02208 percep=0.37048 ETA 7m40s
  E 11 S1400/1869 L1=0.02372 percep=0.39605 avg L1=0.02209 percep=0.37062 ETA 6m1s
  E 11 S1450/1869 L1=0.02011 percep=0.33015 avg L1=0.02208 percep=0.37041 ETA 5m22s
  E 11 S1500/1869 L1=0.02999 percep=0.45599 avg L1=0.02209 percep=0.37050 ETA 5m44s
  E 11 S1550/1869 L1=0.02425 percep=0.40988 avg L1=0.02210 percep=0.37069 ETA 4m5s
  E 11 S1600/1869 L1=0.02078 percep=0.36826 avg L1=0.02210 percep=0.37069 ETA 3m27s
  E 11 S1650/1869 L1=0.01872 percep=0.32485 avg L1=0.02210 percep=0.37072 ETA 3m48s
  E 11 S1700/1869 L1=0.02385 percep=0.39974 avg L1=0.02209 percep=0.37068 ETA 2m9s
  E 11 S1750/1869 L1=0.01844 percep=0.33976 avg L1=0.02208 percep=0.37060 ETA 2m31s
  E 11 S1800/1869 L1=0.02190 percep=0.36781 avg L1=0.02207 percep=0.37046 ETA 1m52s
  E 11 S1850/1869 L1=0.01946 percep=0.29683 avg L1=0.02205 percep=0.37021 ETA 0m14s
--- Epoch  11 | train L1=0.02206 percep=0.37026 | val L1=0.02177 percep=0.36736 total=0.05850 | PSNR=28.79dB | T=24m59s V=2m31s ---
  Saved: models/checkpoints/vae_decoder_best.pt
  E 12 S  50/1869 L1=0.01813 percep=0.32213 avg L1=0.02172 percep=0.36928 ETA 27m53s
  E 12 S 100/1869 L1=0.02168 percep=0.33590 avg L1=0.02180 percep=0.36840 ETA 24m24s
  E 12 S 150/1869 L1=0.01912 percep=0.31190 avg L1=0.02179 percep=0.36749 ETA 23m11s
  E 12 S 200/1869 L1=0.02753 percep=0.42681 avg L1=0.02192 percep=0.36896 ETA 22m15s
  E 12 S 250/1869 L1=0.01996 percep=0.35307 avg L1=0.02194 percep=0.37019 ETA 21m25s
  E 12 S 300/1869 L1=0.02311 percep=0.39393 avg L1=0.02189 percep=0.36995 ETA 21m38s
  E 12 S 350/1869 L1=0.01954 percep=0.34708 avg L1=0.02175 percep=0.36841 ETA 20m54s
  E 12 S 400/1869 L1=0.02742 percep=0.44388 avg L1=0.02175 percep=0.36834 ETA 19m12s
  E 12 S 450/1869 L1=0.02436 percep=0.40642 avg L1=0.02187 percep=0.36939 ETA 18m30s
  E 12 S 500/1869 L1=0.02405 percep=0.40308 avg L1=0.02190 percep=0.36955 ETA 18m49s
  E 12 S 550/1869 L1=0.02825 percep=0.44783 avg L1=0.02188 percep=0.36927 ETA 17m8s
  E 12 S 600/1869 L1=0.02404 percep=0.39310 avg L1=0.02193 percep=0.37001 ETA 16m28s
  E 12 S 650/1869 L1=0.02100 percep=0.36496 avg L1=0.02197 percep=0.37045 ETA 16m48s
  E 12 S 700/1869 L1=0.02540 percep=0.40897 avg L1=0.02206 percep=0.37148 ETA 15m8s
  E 12 S 750/1869 L1=0.02178 percep=0.35276 avg L1=0.02201 percep=0.37084 ETA 14m29s
  E 12 S 800/1869 L1=0.02164 percep=0.35931 avg L1=0.02206 percep=0.37143 ETA 14m49s
  E 12 S 850/1869 L1=0.02021 percep=0.33543 avg L1=0.02202 percep=0.37106 ETA 13m10s
  E 12 S 900/1869 L1=0.02388 percep=0.39605 avg L1=0.02199 percep=0.37081 ETA 13m31s
  E 12 S 950/1869 L1=0.01463 percep=0.26099 avg L1=0.02197 percep=0.37045 ETA 12m52s
  E 12 S1000/1869 L1=0.01938 percep=0.34727 avg L1=0.02202 percep=0.37079 ETA 11m13s
  E 12 S1050/1869 L1=0.01938 percep=0.32869 avg L1=0.02203 percep=0.37113 ETA 11m34s
  E 12 S1100/1869 L1=0.01894 percep=0.34754 avg L1=0.02205 percep=0.37130 ETA 10m55s
  E 12 S1150/1869 L1=0.02014 percep=0.35830 avg L1=0.02207 percep=0.37161 ETA 9m16s
  E 12 S1200/1869 L1=0.02388 percep=0.40741 avg L1=0.02209 percep=0.37173 ETA 9m37s
  E 12 S1250/1869 L1=0.02662 percep=0.43449 avg L1=0.02211 percep=0.37183 ETA 8m58s
  E 12 S1300/1869 L1=0.02364 percep=0.38591 avg L1=0.02213 percep=0.37191 ETA 7m19s
  E 12 S1350/1869 L1=0.02132 percep=0.38442 avg L1=0.02210 percep=0.37165 ETA 7m41s
  E 12 S1400/1869 L1=0.03138 percep=0.45927 avg L1=0.02212 percep=0.37187 ETA 6m2s
  E 12 S1450/1869 L1=0.02781 percep=0.43718 avg L1=0.02211 percep=0.37166 ETA 5m23s
  E 12 S1500/1869 L1=0.02332 percep=0.37820 avg L1=0.02212 percep=0.37164 ETA 5m44s
  E 12 S1550/1869 L1=0.01925 percep=0.34265 avg L1=0.02213 percep=0.37188 ETA 4m6s
  E 12 S1600/1869 L1=0.02732 percep=0.39993 avg L1=0.02211 percep=0.37165 ETA 3m27s
  E 12 S1650/1869 L1=0.02249 percep=0.37472 avg L1=0.02210 percep=0.37156 ETA 3m48s
  E 12 S1700/1869 L1=0.01843 percep=0.33854 avg L1=0.02212 percep=0.37171 ETA 2m10s
  E 12 S1750/1869 L1=0.02070 percep=0.35930 avg L1=0.02212 percep=0.37162 ETA 2m31s
  E 12 S1800/1869 L1=0.01814 percep=0.32824 avg L1=0.02212 percep=0.37162 ETA 1m52s
  E 12 S1850/1869 L1=0.02725 percep=0.41932 avg L1=0.02212 percep=0.37167 ETA 0m14s
--- Epoch  12 | train L1=0.02212 percep=0.37167 | val L1=0.02173 percep=0.36729 total=0.05846 | PSNR=28.80dB | T=24m02s V=2m31s ---
  Saved: models/checkpoints/vae_decoder_best.pt
  E 13 S  50/1869 L1=0.02419 percep=0.39014 avg L1=0.02214 percep=0.37301 ETA 27m2s
  E 13 S 100/1869 L1=0.02911 percep=0.43465 avg L1=0.02203 percep=0.36910 ETA 24m29s
  E 13 S 150/1869 L1=0.02477 percep=0.38467 avg L1=0.02220 percep=0.37152 ETA 23m15s
  E 13 S 200/1869 L1=0.02254 percep=0.37802 avg L1=0.02198 percep=0.36955 ETA 22m18s
  E 13 S 250/1869 L1=0.02123 percep=0.36536 avg L1=0.02202 percep=0.36959 ETA 21m27s
  E 13 S 300/1869 L1=0.01874 percep=0.31479 avg L1=0.02205 percep=0.36979 ETA 21m41s
  E 13 S 350/1869 L1=0.01869 percep=0.32129 avg L1=0.02206 percep=0.36950 ETA 20m56s
  E 13 S 400/1869 L1=0.01957 percep=0.33517 avg L1=0.02194 percep=0.36802 ETA 19m13s
  E 13 S 450/1869 L1=0.01920 percep=0.35227 avg L1=0.02194 percep=0.36796 ETA 19m31s
  E 13 S 500/1869 L1=0.01904 percep=0.34363 avg L1=0.02192 percep=0.36774 ETA 18m50s
  E 13 S 550/1869 L1=0.01556 percep=0.28905 avg L1=0.02192 percep=0.36771 ETA 17m9s
  E 13 S 600/1869 L1=0.02007 percep=0.34969 avg L1=0.02192 percep=0.36781 ETA 16m28s
  E 13 S 650/1869 L1=0.02036 percep=0.34325 avg L1=0.02187 percep=0.36721 ETA 16m48s
  E 13 S 700/1869 L1=0.02438 percep=0.40594 avg L1=0.02185 percep=0.36731 ETA 15m8s
  E 13 S 750/1869 L1=0.01844 percep=0.31783 avg L1=0.02187 percep=0.36751 ETA 14m28s
  E 13 S 800/1869 L1=0.02267 percep=0.36241 avg L1=0.02191 percep=0.36799 ETA 14m49s
  E 13 S 850/1869 L1=0.01885 percep=0.33662 avg L1=0.02191 percep=0.36811 ETA 13m9s
  E 13 S 900/1869 L1=0.01964 percep=0.35941 avg L1=0.02193 percep=0.36835 ETA 12m30s
  E 13 S 950/1869 L1=0.01720 percep=0.30205 avg L1=0.02194 percep=0.36867 ETA 12m51s
  E 13 S1000/1869 L1=0.02432 percep=0.39623 avg L1=0.02192 percep=0.36828 ETA 11m11s
  E 13 S1050/1869 L1=0.01721 percep=0.30215 avg L1=0.02194 percep=0.36856 ETA 11m32s
  E 13 S1100/1869 L1=0.02094 percep=0.36643 avg L1=0.02193 percep=0.36847 ETA 10m53s
  E 13 S1150/1869 L1=0.02091 percep=0.35603 avg L1=0.02193 percep=0.36853 ETA 9m14s
  E 13 S1200/1869 L1=0.01929 percep=0.35334 avg L1=0.02193 percep=0.36853 ETA 9m36s
  E 13 S1250/1869 L1=0.02158 percep=0.35066 avg L1=0.02191 percep=0.36823 ETA 8m57s
  E 13 S1300/1869 L1=0.02161 percep=0.35249 avg L1=0.02192 percep=0.36848 ETA 7m18s
  E 13 S1350/1869 L1=0.02018 percep=0.35894 avg L1=0.02191 percep=0.36826 ETA 7m39s
  E 13 S1400/1869 L1=0.02803 percep=0.42086 avg L1=0.02191 percep=0.36798 ETA 6m1s
  E 13 S1450/1869 L1=0.02013 percep=0.33514 avg L1=0.02189 percep=0.36793 ETA 5m22s
  E 13 S1500/1869 L1=0.02392 percep=0.40280 avg L1=0.02187 percep=0.36759 ETA 5m43s
  E 13 S1550/1869 L1=0.02433 percep=0.40522 avg L1=0.02188 percep=0.36782 ETA 4m5s
  E 13 S1600/1869 L1=0.02496 percep=0.41641 avg L1=0.02188 percep=0.36780 ETA 3m26s
  E 13 S1650/1869 L1=0.02606 percep=0.41961 avg L1=0.02187 percep=0.36782 ETA 3m48s
  E 13 S1700/1869 L1=0.02245 percep=0.37616 avg L1=0.02189 percep=0.36807 ETA 2m9s
  E 13 S1750/1869 L1=0.01696 percep=0.31015 avg L1=0.02189 percep=0.36808 ETA 2m31s
  E 13 S1800/1869 L1=0.02656 percep=0.42019 avg L1=0.02192 percep=0.36847 ETA 1m52s
  E 13 S1850/1869 L1=0.02317 percep=0.37814 avg L1=0.02192 percep=0.36848 ETA 0m14s
--- Epoch  13 | train L1=0.02191 percep=0.36837 | val L1=0.02179 percep=0.36716 total=0.05850 | PSNR=28.80dB | T=24m56s V=2m31s ---
  E 14 S  50/1869 L1=0.02069 percep=0.32115 avg L1=0.02216 percep=0.36990 ETA 24m21s
  E 14 S 100/1869 L1=0.02394 percep=0.39604 avg L1=0.02257 percep=0.37654 ETA 23m6s
  E 14 S 150/1869 L1=0.02471 percep=0.39146 avg L1=0.02254 percep=0.37539 ETA 22m15s
  E 14 S 200/1869 L1=0.01853 percep=0.32496 avg L1=0.02244 percep=0.37447 ETA 22m31s
  E 14 S 250/1869 L1=0.02406 percep=0.40341 avg L1=0.02240 percep=0.37435 ETA 21m49s
  E 14 S 300/1869 L1=0.02358 percep=0.36833 avg L1=0.02232 percep=0.37288 ETA 20m8s
  E 14 S 350/1869 L1=0.02356 percep=0.37300 avg L1=0.02238 percep=0.37316 ETA 19m28s
  E 14 S 400/1869 L1=0.02510 percep=0.41508 avg L1=0.02238 percep=0.37282 ETA 19m48s
  E 14 S 450/1869 L1=0.02577 percep=0.39382 avg L1=0.02235 percep=0.37278 ETA 18m8s
  E 14 S 500/1869 L1=0.02718 percep=0.42572 avg L1=0.02233 percep=0.37262 ETA 17m29s
  E 14 S 550/1869 L1=0.02289 percep=0.39903 avg L1=0.02226 percep=0.37184 ETA 17m50s
  E 14 S 600/1869 L1=0.02203 percep=0.37627 avg L1=0.02228 percep=0.37198 ETA 16m12s
  E 14 S 650/1869 L1=0.02055 percep=0.33497 avg L1=0.02222 percep=0.37143 ETA 16m33s
  E 14 S 700/1869 L1=0.02267 percep=0.39421 avg L1=0.02223 percep=0.37147 ETA 15m55s
  E 14 S 750/1869 L1=0.02736 percep=0.41288 avg L1=0.02222 percep=0.37142 ETA 14m16s
  E 14 S 800/1869 L1=0.02538 percep=0.42716 avg L1=0.02220 percep=0.37146 ETA 14m37s
  E 14 S 850/1869 L1=0.02181 percep=0.37267 avg L1=0.02223 percep=0.37168 ETA 13m59s
  E 14 S 900/1869 L1=0.01807 percep=0.33051 avg L1=0.02218 percep=0.37135 ETA 12m21s
  E 14 S 950/1869 L1=0.01956 percep=0.33734 avg L1=0.02220 percep=0.37165 ETA 12m42s
  E 14 S1000/1869 L1=0.02032 percep=0.36586 avg L1=0.02221 percep=0.37183 ETA 11m4s
  E 14 S1050/1869 L1=0.02178 percep=0.37004 avg L1=0.02221 percep=0.37170 ETA 10m26s
  E 14 S1100/1869 L1=0.02212 percep=0.39467 avg L1=0.02222 percep=0.37182 ETA 10m47s
  E 14 S1150/1869 L1=0.02649 percep=0.41640 avg L1=0.02221 percep=0.37172 ETA 9m9s
  E 14 S1200/1869 L1=0.02113 percep=0.36273 avg L1=0.02223 percep=0.37193 ETA 9m31s
  E 14 S1250/1869 L1=0.02699 percep=0.40218 avg L1=0.02220 percep=0.37160 ETA 8m52s
  E 14 S1300/1869 L1=0.01971 percep=0.35798 avg L1=0.02218 percep=0.37148 ETA 7m14s
  E 14 S1350/1869 L1=0.02117 percep=0.37448 avg L1=0.02216 percep=0.37136 ETA 7m36s
  E 14 S1400/1869 L1=0.01407 percep=0.26099 avg L1=0.02215 percep=0.37108 ETA 6m58s
  E 14 S1450/1869 L1=0.02251 percep=0.37473 avg L1=0.02215 percep=0.37111 ETA 5m19s
  E 14 S1500/1869 L1=0.01950 percep=0.34830 avg L1=0.02213 percep=0.37092 ETA 5m41s
  E 14 S1550/1869 L1=0.02153 percep=0.34664 avg L1=0.02215 percep=0.37116 ETA 4m3s
  E 14 S1600/1869 L1=0.02333 percep=0.40206 avg L1=0.02213 percep=0.37095 ETA 3m25s
  E 14 S1650/1869 L1=0.02234 percep=0.36364 avg L1=0.02216 percep=0.37127 ETA 3m46s
  E 14 S1700/1869 L1=0.02053 percep=0.36361 avg L1=0.02216 percep=0.37142 ETA 2m8s
  E 14 S1750/1869 L1=0.03219 percep=0.47525 avg L1=0.02214 percep=0.37110 ETA 2m30s
  E 14 S1800/1869 L1=0.02382 percep=0.39403 avg L1=0.02217 percep=0.37132 ETA 1m52s
  E 14 S1850/1869 L1=0.02132 percep=0.37699 avg L1=0.02216 percep=0.37127 ETA 0m14s
--- Epoch  14 | train L1=0.02217 percep=0.37136 | val L1=0.02175 percep=0.36702 total=0.05845 | PSNR=28.80dB | T=24m47s V=2m35s ---
  Saved: models/checkpoints/vae_decoder_best.pt
  E 15 S  50/1869 L1=0.02381 percep=0.36624 avg L1=0.02190 percep=0.36895 ETA 27m59s
